  Determining projects to restore...
  All projects are up-to-date for restore.
  Common.Logging -> C:\Users\Admin\Desktop\CogainCore\cogain-core\backend\src\BuildingBlocks\Common.Logging\bin\Debug\net8.0\Common.Logging.dll
  Shared -> C:\Users\Admin\Desktop\CogainCore\cogain-core\backend\src\BuildingBlocks\Shared\bin\Debug\net8.0\Shared.dll
  Contracts -> C:\Users\Admin\Desktop\CogainCore\cogain-core\backend\src\BuildingBlocks\Contracts\bin\Debug\net8.0\Contracts.dll
  Infrastructure -> C:\Users\Admin\Desktop\CogainCore\cogain-core\backend\src\BuildingBlocks\Infrastructure\bin\Debug\net8.0\Infrastructure.dll
C:\Users\Admin\Desktop\CogainCore\cogain-core\backend\src\Services\ServiceDesk\ServiceDesk.Data\Persistence\Configurations\Tickets\TicketResolutionReferenceConfiguration.cs(15,31): warning CS0618: 'TicketResolution.References' is obsolete: 'ticket version 2 đổi mới' [C:\Users\Admin\Desktop\CogainCore\cogain-core\backend\src\Services\ServiceDesk\ServiceDesk.Data\ServiceDesk.Data.csproj]
  ServiceDesk.Data -> C:\Users\Admin\Desktop\CogainCore\cogain-core\backend\src\Services\ServiceDesk\ServiceDesk.Data\bin\Debug\net8.0\ServiceDesk.Data.dll
  ServiceDesk.Repositories -> C:\Users\Admin\Desktop\CogainCore\cogain-core\backend\src\Services\ServiceDesk\ServiceDesk.Repositories\bin\Debug\net8.0\ServiceDesk.Repositories.dll
C:\Users\Admin\Desktop\CogainCore\cogain-core\backend\src\Services\ServiceDesk\ServiceDesk.Services\Implement\Overtime\OvertimeRequestService.cs(750,50): warning CS0618: 'OvertimeRequest.CompletionRate' is obsolete: 'Tiến độ / Tỉ lệ hoàn thành đã được chuyển xuống từng dòng OvertimeRequestDetail' [C:\Users\Admin\Desktop\CogainCore\cogain-core\backend\src\Services\ServiceDesk\ServiceDesk.Services\ServiceDesk.Services.csproj]
C:\Users\Admin\Desktop\CogainCore\cogain-core\backend\src\Services\ServiceDesk\ServiceDesk.Services\Implement\Overtime\OvertimeRequestService.Method.cs(90,43): warning CS0618: 'OvertimeRequest.CompletionRate' is obsolete: 'Tiến độ / Tỉ lệ hoàn thành đã được chuyển xuống từng dòng OvertimeRequestDetail' [C:\Users\Admin\Desktop\CogainCore\cogain-core\backend\src\Services\ServiceDesk\ServiceDesk.Services\ServiceDesk.Services.csproj]
C:\Users\Admin\Desktop\CogainCore\cogain-core\backend\src\Services\ServiceDesk\ServiceDesk.Services\Implement\SalesOrders\SalesOrderService.Export.cs(234,22): warning CS0618: 'SalesOrder.SalesQuotationId' is obsolete: 'Dùng con trỏ RefDoc tương ứng. Giữ cột legacy để tương thích dữ liệu cũ, 2026-09-17.' [C:\Users\Admin\Desktop\CogainCore\cogain-core\backend\src\Services\ServiceDesk\ServiceDesk.Services\ServiceDesk.Services.csproj]
C:\Users\Admin\Desktop\CogainCore\cogain-core\backend\src\Services\ServiceDesk\ServiceDesk.Services\Implement\Production\ProductionOrder\ProductionOrderService.cs(80,29): warning CS0414: The field 'ProductionOrderService.ticketCode' is assigned but its value is never used [C:\Users\Admin\Desktop\CogainCore\cogain-core\backend\src\Services\ServiceDesk\ServiceDesk.Services\ServiceDesk.Services.csproj]
  ServiceDesk.Services -> C:\Users\Admin\Desktop\CogainCore\cogain-core\backend\src\Services\ServiceDesk\ServiceDesk.Services\bin\Debug\net8.0\ServiceDesk.Services.dll
  ServiceDesk.API -> C:\Users\Admin\Desktop\CogainCore\cogain-core\backend\src\Services\ServiceDesk\ServiceDesk.API\bin\Debug\net8.0\ServiceDesk.API.dll

Build succeeded.

C:\Users\Admin\Desktop\CogainCore\cogain-core\backend\src\Services\ServiceDesk\ServiceDesk.Data\Persistence\Configurations\Tickets\TicketResolutionReferenceConfiguration.cs(15,31): warning CS0618: 'TicketResolution.References' is obsolete: 'ticket version 2 đổi mới' [C:\Users\Admin\Desktop\CogainCore\cogain-core\backend\src\Services\ServiceDesk\ServiceDesk.Data\ServiceDesk.Data.csproj]
C:\Users\Admin\Desktop\CogainCore\cogain-core\backend\src\Services\ServiceDesk\ServiceDesk.Services\Implement\Overtime\OvertimeRequestService.cs(750,50): warning CS0618: 'OvertimeRequest.CompletionRate' is obsolete: 'Tiến độ / Tỉ lệ hoàn thành đã được chuyển xuống từng dòng OvertimeRequestDetail' [C:\Users\Admin\Desktop\CogainCore\cogain-core\backend\src\Services\ServiceDesk\ServiceDesk.Services\ServiceDesk.Services.csproj]
C:\Users\Admin\Desktop\CogainCore\cogain-core\backend\src\Services\ServiceDesk\ServiceDesk.Services\Implement\Overtime\OvertimeRequestService.Method.cs(90,43): warning CS0618: 'OvertimeRequest.CompletionRate' is obsolete: 'Tiến độ / Tỉ lệ hoàn thành đã được chuyển xuống từng dòng OvertimeRequestDetail' [C:\Users\Admin\Desktop\CogainCore\cogain-core\backend\src\Services\ServiceDesk\ServiceDesk.Services\ServiceDesk.Services.csproj]
C:\Users\Admin\Desktop\CogainCore\cogain-core\backend\src\Services\ServiceDesk\ServiceDesk.Services\Implement\SalesOrders\SalesOrderService.Export.cs(234,22): warning CS0618: 'SalesOrder.SalesQuotationId' is obsolete: 'Dùng con trỏ RefDoc tương ứng. Giữ cột legacy để tương thích dữ liệu cũ, 2026-09-17.' [C:\Users\Admin\Desktop\CogainCore\cogain-core\backend\src\Services\ServiceDesk\ServiceDesk.Services\ServiceDesk.Services.csproj]
C:\Users\Admin\Desktop\CogainCore\cogain-core\backend\src\Services\ServiceDesk\ServiceDesk.Services\Implement\Production\ProductionOrder\ProductionOrderService.cs(80,29): warning CS0414: The field 'ProductionOrderService.ticketCode' is assigned but its value is never used [C:\Users\Admin\Desktop\CogainCore\cogain-core\backend\src\Services\ServiceDesk\ServiceDesk.Services\ServiceDesk.Services.csproj]
    5 Warning(s)
    0 Error(s)

Time Elapsed 00:00:50.12
