Current configuration:
  routeFileIgnorePrefix: "-"
  routeFileIgnorePattern: undefined
vite v7.3.1 building client environment for production...
transforming...
../../node_modules/.pnpm/@microsoft+signalr@9.0.6/node_modules/@microsoft/signalr/dist/esm/Utils.js (190:0): A comment
"/*#__PURE__*/"
in "../../node_modules/.pnpm/@microsoft+signalr@9.0.6/node_modules/@microsoft/signalr/dist/esm/Utils.js" contains an 
annotation that Rollup cannot interpret due to the position of the comment. The comment will be removed to avoid 
issues.
../../node_modules/.pnpm/@microsoft+signalr@9.0.6/node_modules/@microsoft/signalr/dist/esm/Utils.js (208:0): A comment
"/*#__PURE__*/"
in "../../node_modules/.pnpm/@microsoft+signalr@9.0.6/node_modules/@microsoft/signalr/dist/esm/Utils.js" contains an 
annotation that Rollup cannot interpret due to the position of the comment. The comment will be removed to avoid 
issues.
✓ 6273 modules transformed.
✗ Build failed in 56.28s
error during build:
[vite:prepare-out-dir] EPERM, Permission denied: 
\\?\C:\Users\Admin\Desktop\CogainCore\cogain-core\frontend\bizdoc\dist\assets 
'\\?\C:\Users\Admin\Desktop\CogainCore\cogain-core\frontend\bizdoc\dist\assets'
    at Object.rmSync (node:fs:1283:18)
    at emptyDir (file:///C:/Users/Admin/Desktop/CogainCore/cogain-core/node_modules/.pnpm/vite@7.3.1_@types+node@24.1_b
ece18f9d582604fd0cfeacadfd1c14c/node_modules/vite/dist/node/chunks/config.js:2167:11)
    at prepareOutDir (file:///C:/Users/Admin/Desktop/CogainCore/cogain-core/node_modules/.pnpm/vite@7.3.1_@types+node@2
4.1_bece18f9d582604fd0cfeacadfd1c14c/node_modules/vite/dist/node/chunks/config.js:33325:55)
    at Object.handler (file:///C:/Users/Admin/Desktop/CogainCore/cogain-core/node_modules/.pnpm/vite@7.3.1_@types+node@
24.1_bece18f9d582604fd0cfeacadfd1c14c/node_modules/vite/dist/node/chunks/config.js:33315:6)
    at Object.handler (file:///C:/Users/Admin/Desktop/CogainCore/cogain-core/node_modules/.pnpm/vite@7.3.1_@types+node@
24.1_bece18f9d582604fd0cfeacadfd1c14c/node_modules/vite/dist/node/chunks/config.js:33743:13)
    at file:///C:/Users/Admin/Desktop/CogainCore/cogain-core/node_modules/.pnpm/rollup@4.57.1/node_modules/rollup/dist/
es/shared/node-entry.js:22548:40
    at async Promise.all (index 0)
    at async PluginDriver.hookParallel (file:///C:/Users/Admin/Desktop/CogainCore/cogain-core/node_modules/.pnpm/rollup
@4.57.1/node_modules/rollup/dist/es/shared/node-entry.js:22458:9)
    at async Bundle.generate (file:///C:/Users/Admin/Desktop/CogainCore/cogain-core/node_modules/.pnpm/rollup@4.57.1/no
de_modules/rollup/dist/es/shared/node-entry.js:20603:13)
    at async file:///C:/Users/Admin/Desktop/CogainCore/cogain-core/node_modules/.pnpm/rollup@4.57.1/node_modules/rollup
/dist/es/shared/node-entry.js:23535:27
 ELIFECYCLE  Command failed with exit code 1.
